// Jest Snapshot v1, https://goo.gl/fbAQLP

exports[`Index should render 1`] = `
<div
  data-mock="Container"
>
  <div
    data-mock="Helmet"
  >
    {
  "htmlAttributes": {
    "lang": "en"
  },
  "meta": [
    {
      "name": "description",
      "content": "Some description"
    }
  ],
  "title": "Some title"
}
  </div>
  <div
    className="sc-bwzfXH heexqI"
  >
    <button
      className="sc-htpNat kxlLiN"
      onClick={[Function]}
    >
      <span
        className="fa fa-link"
        title={null}
      />
    </button>
    <p
      className="display-4"
    >
      Some title
    </p>
  </div>
  <p>
    Written by 
    <strong>
      Artem Demo
    </strong>
     who lives and works in Tel Aviv building useful things.
     
    <a
      href="https://github.com/artemdemo"
    >
      You should follow him on Github
    </a>
  </p>
  <div
    data-mock="Posts"
  >
    {
  "list": [
    {
      "frontmatter": {
        "title": "Some title",
        "date": "10 May, 2018"
      },
      "fields": {
        "slug": "/first"
      },
      "excerpt": "Excerpt text"
    }
  ]
}
  </div>
  <div
    data-mock="Pagination"
  >
    {
  "skip": 0,
  "limit": 0,
  "totalPosts": 0
}
  </div>
</div>
`;
