// Jest Snapshot v1, https://goo.gl/fbAQLP

exports[`PostTags should render with tags 1`] = `
<div
  data-mock="SecondaryText"
>
  Tags: 
  <div
    data-mock="Link"
  >
    {
  "to": "/tags/one",
  "className": "PostTags__PostTagsItemSty-sc-8r4n58-0 gpaIXg"
}
    one
  </div>
  <div
    data-mock="Link"
  >
    {
  "to": "/tags/two",
  "className": "PostTags__PostTagsItemSty-sc-8r4n58-0 gpaIXg"
}
    two
  </div>
</div>
`;

exports[`PostTags should render without tags 1`] = `null`;
