// Jest Snapshot v1, https://goo.gl/fbAQLP

exports[`BlogPost should render 1`] = `
<div
  data-mock="Container"
>
  <div
    data-mock="Helmet"
  >
    {
  "htmlAttributes": {
    "lang": "en"
  },
  "meta": [
    {
      "name": "description",
      "content": "Post excerpt"
    }
  ],
  "title": "FrontMatter title | Site title"
}
  </div>
  <h3>
    <div
      data-mock="Link"
    >
      Site title
    </div>
  </h3>
  <h1>
    FrontMatter title
  </h1>
  <p
    style={
      Object {
        "display": "block",
        "marginBottom": "10px",
      }
    }
  >
    23 May, 2018
  </p>
  <div
    dangerouslySetInnerHTML={
      Object {
        "__html": "HTML content",
      }
    }
  />
  <hr />
  <p>
    Written by 
    <strong>
      Artem Demo
    </strong>
     who lives and works in Tel Aviv building useful things.
     
    <a
      href="https://github.com/artemdemo"
    >
      You should follow him on Github
    </a>
  </p>
  <div
    data-mock="BinaryPagination"
  >
    {
  "previous": {
    "slug": "/blog/prev",
    "title": "Prev title"
  },
  "next": {
    "slug": "/blog/next",
    "title": "Next title"
  }
}
  </div>
</div>
`;
