// Jest Snapshot v1, https://goo.gl/fbAQLP

exports[`ContactForm should render 1`] = `
Array [
  <div
    className="ContactForm__ContactFormLoadingSty-r3mpp6-0 hPxlFJ"
  >
    Form is loading...
    <span
      className="ContactForm__IconWrapSty-r3mpp6-2 eXfkcL"
    >
      <div
        data-mock="Icon"
      >
        name: 
        cog fa-spin fa-fw
        title: 
        className: 
        inText: 
        false
      </div>
    </span>
  </div>,
  <iframe
    className="ContactForm__ContactFormIframeSty-r3mpp6-1 kQrKSt"
    frameBorder="0"
    marginHeight="0"
    marginWidth="0"
    onLoad={[Function]}
    src="https://docs.google.com/forms/d/e/1FAIpQLSfbcq5MKljpEZg27bOOj5OqdBP4ARBdikUs4G2zuqIgBYE4KA/viewform?embedded=true"
  />,
]
`;
