// Jest Snapshot v1, https://goo.gl/fbAQLP

exports[`PostsList should render 1`] = `
<div
  data-description="Some description"
  data-metaTitle="Some title"
  data-mock="Layout"
  data-title="Some title"
>
  <div
    data-mock="Posts"
  >
    {
  "list": [
    {
      "frontmatter": {
        "title": "Some title",
        "date": "10 May, 2018"
      },
      "fields": {
        "slug": "/first"
      },
      "excerpt": "Excerpt text"
    }
  ]
}
  </div>
  <div
    dangerouslySetInnerHTML={
      Object {
        "__html": null,
      }
    }
  />
  <div
    data-mock="Pagination"
  >
    {
  "skip": 0,
  "limit": 0,
  "totalPosts": 0
}
  </div>
</div>
`;
